d:\projects\maxloud\obj\release\apo\vc142.pdb
d:\projects\maxloud\obj\release\apo\dllmain.obj
d:\projects\maxloud\obj\release\apo\maxloudapo.obj
d:\projects\maxloud\bin\release\apo\maxloudapo.dll
d:\projects\maxloud\obj\release\apo\maxloudapo.ipdb
d:\projects\maxloud\obj\release\apo\maxloudapo.iobj
d:\projects\maxloud\obj\release\apo\maxloudapo.dll.intermediate.manifest
d:\projects\maxloud\bin\release\apo\maxloudapo.pdb
d:\projects\maxloud\bin\release\apo\maxloudapo.lib
d:\projects\maxloud\bin\release\apo\maxloudapo.exp
d:\projects\maxloud\bin\release\apo\maxloudapo.dll.manifest
d:\projects\maxloud\src\apo\..\..\bin\release\apo\maxloudapo.pdb
d:\projects\maxloud\obj\release\apo\maxloudapo.tlog\cl.command.1.tlog
d:\projects\maxloud\obj\release\apo\maxloudapo.tlog\cl.read.1.tlog
d:\projects\maxloud\obj\release\apo\maxloudapo.tlog\cl.write.1.tlog
d:\projects\maxloud\obj\release\apo\maxloudapo.tlog\link.command.1.tlog
d:\projects\maxloud\obj\release\apo\maxloudapo.tlog\link.read.1.tlog
d:\projects\maxloud\obj\release\apo\maxloudapo.tlog\link.write.1.tlog
d:\projects\maxloud\obj\release\apo\maxloudapo.tlog\maxloudapo.write.1u.tlog
d:\projects\maxloud\obj\release\apo\maxloudapo.tlog\mt.command.1.tlog
d:\projects\maxloud\obj\release\apo\maxloudapo.tlog\mt.read.1.tlog
d:\projects\maxloud\obj\release\apo\maxloudapo.tlog\mt.write.1.tlog
